// Jest Snapshot v1, https://goo.gl/fbAQLP

exports[`Component=>UserInput Should render correctly 1`] = `
<div>
  <h1>
    Search Grants
  </h1>
  <form>
    <input
      name="postcode"
      placeholder="postcode"
      required={true}
      type="text"
    />
     
    <button
      className="btn-primary"
    >
      Search
    </button>
  </form>
   
</div>
`;
